---
source: tests/assets.rs
expression: doc_string
input_file: tests/assets/unit/destruction.typ
---
#let (n, ..) = layout-node(node, 0, ctx)

#grid(
  columns: (1fr,) * calc.min(3, authors.len()),
  gutter: 1em,
  ..authors.map(author => align(center, text(font: author-font, author))),
)
