---
source: tests/assets.rs
expression: doc_string
input_file: tests/assets/unit/import.typ
---
#import "src/anchor.typ" as anchor_
