---
source: src/util.rs
expression: outer
---
[
    "{",
    " ",
    "let a = 1;",
    " ",
    "}",
]
